Scan a repository for LLM artifacts

Usage:
  llm-lint scan [path] [flags]

Flags:
      --config string            config file path (relative to repo root) (default ".llmlint.yaml")
      --exclude strings          disable rule IDs (repeatable)
      --fail-on string           exit non-zero if any finding is at or above this severity (error|warning|info|none) (default "error")
      --format string            output format: human|json|sarif|github (auto-detects to github when GITHUB_ACTIONS=true) (default "human")
      --gh-pr int                PR number (overrides auto-detect from event)
      --gh-repo string           owner/repo (overrides GITHUB_REPOSITORY)
      --gh-token string          GitHub token (overrides GITHUB_TOKEN; never logged)
  -h, --help                     help for scan
      --include strings          force-enable rule IDs (repeatable)
      --no-color                 disable ANSI color
      --no-git                   skip git history scan
      --no-progress              disable the live progress line on stderr
      --output string            output file or '-' for stdout (default "-")
      --pr-comment               post a sticky PR comment with findings (requires --format github and GITHUB_TOKEN)
      --pr-comment-mode string   PR comment mode: sticky|append (default "sticky")
      --since string             only scan commits since this git ref/sha
      --staged-only              scan files staged in the git index instead of the working tree (skips trailer/message rules)
  -v, --verbose                  verbose output
